// Bun Snapshot v1, https://goo.gl/fbAQLP

exports[`recipes names 1`] = `
[
  "Egg and Vegetable Scramble",
  "Ranch Chicken Meal Prep",
  "Chicken Stir-Fry",
]
`;
