// Bun Snapshot v1, https://goo.gl/fbAQLP

exports[`test_recipe 1`] = `
Recipe {
  "children": [
    Ingredients {
      "children": [
        Ingredient {
          "category": [
            "category1",
          ],
          "description": undefined,
          "key": undefined,
          "manipulation": [],
          "name": "ingredient1",
          "optional": false,
          "quantity": _Unit {
            "dimension": {
              "MASS": 1,
            },
            "fixed": false,
            "type": "Unit",
            "unitList": [
              {
                "power": 1,
                "prefix": "",
                "unit": {
                  "basePrefix": "k",
                  "dimension": {
                    "MASS": 1,
                  },
                  "formatPrefixes": [
                    "n",
                    "u",
                    "m",
                    "",
                    "k",
                  ],
                  "name": "g",
                  "offset": 0,
                  "prefixGroup": {
                    "E": 1000000000000000000,
                    "G": 1000000000,
                    "M": 1000000,
                    "P": 1000000000000000,
                    "T": 1000000000000,
                    "Y": 1000000000000000000000000,
                    "Z": 1000000000000000000000,
                    "a": 0.000000000000000001,
                    "c": 0.01,
                    "d": 0.1,
                    "da": 10,
                    "f": 0.000000000000001,
                    "h": 100,
                    "k": 1000,
                    "m": 0.001,
                    "n": 0.000000001,
                    "p": 0.000000000001,
                    "u": 0.000001,
                    "y": 0.000000000000000000000001,
                    "z": 0.000000000000000000001,
                  },
                  "quantity": "MASS",
                  "value": 0.001,
                },
              },
            ],
            "value": 1,
          },
        },
        Ingredient {
          "category": [
            "category2",
          ],
          "description": undefined,
          "key": undefined,
          "manipulation": [],
          "name": "ingredient2 (raw)",
          "optional": false,
          "quantity": undefined,
        },
        Ingredient {
          "category": [
            "category3",
          ],
          "description": undefined,
          "key": "ingredient3",
          "manipulation": [],
          "name": "Fresh ingredient 3",
          "optional": false,
          "quantity": _Unit {
            "dimension": {},
            "fixed": false,
            "type": "Unit",
            "unitList": [
              {
                "power": 1,
                "prefix": "",
                "unit": {
                  "basePrefix": undefined,
                  "dimension": {},
                  "formatPrefixes": undefined,
                  "name": "slices",
                  "offset": 0,
                  "prefixGroup": {},
                  "value": 1,
                },
              },
            ],
            "value": 20,
          },
        },
        Ingredient {
          "category": [
            "category4",
          ],
          "description": undefined,
          "key": undefined,
          "manipulation": [],
          "name": "ingredient4",
          "optional": false,
          "quantity": _Unit {
            "dimension": {
              "LENGTH": 3,
            },
            "fixed": false,
            "type": "Unit",
            "unitList": [
              {
                "power": 1,
                "prefix": "",
                "unit": {
                  "basePrefix": undefined,
                  "dimension": {
                    "LENGTH": 3,
                  },
                  "formatPrefixes": undefined,
                  "name": "tsp",
                  "offset": 0,
                  "prefixGroup": {},
                  "value": 0.00000492892159375,
                },
              },
            ],
            "value": 1,
          },
        },
        Ingredient {
          "category": [
            "category5",
          ],
          "description": undefined,
          "key": undefined,
          "manipulation": [],
          "name": "ingredient5",
          "optional": false,
          "quantity": _Unit {
            "dimension": {},
            "fixed": false,
            "type": "Unit",
            "unitList": [],
            "value": 1,
          },
        },
      ],
    },
    Preparation {
      "children": [
        Step {
          "children": [
            "take ",
            Ingredient {
              "category": [],
              "description": undefined,
              "key": undefined,
              "manipulation": [
                "boil",
              ],
              "name": "ingredient1",
              "optional": false,
              "quantity": undefined,
            },
            " and boil it at ",
            Measurement {
              "quantity": _Unit {
                "dimension": {
                  "TEMPERATURE": 1,
                },
                "fixed": false,
                "type": "Unit",
                "unitList": [
                  {
                    "power": 1,
                    "prefix": "",
                    "unit": {
                      "basePrefix": undefined,
                      "dimension": {
                        "TEMPERATURE": 1,
                      },
                      "formatPrefixes": undefined,
                      "name": "celsius",
                      "offset": 273.15,
                      "prefixGroup": {},
                      "value": 1,
                    },
                  },
                ],
                "value": 100,
              },
              "scale": undefined,
            },
            " for",
            " ",
            Measurement {
              "quantity": _Unit {
                "dimension": {
                  "TIME": 1,
                },
                "fixed": false,
                "type": "Unit",
                "unitList": [
                  {
                    "power": 1,
                    "prefix": "",
                    "unit": {
                      "basePrefix": undefined,
                      "dimension": {
                        "TIME": 1,
                      },
                      "formatPrefixes": undefined,
                      "name": "minutes",
                      "offset": 0,
                      "prefixGroup": {},
                      "value": 60,
                    },
                  },
                ],
                "value": 10,
              },
              "scale": undefined,
            },
          ],
          "duration": undefined,
        },
        Step {
          "children": [
            "then take",
            " ",
            Ingredient {
              "category": [],
              "description": undefined,
              "key": undefined,
              "manipulation": [
                "fry",
              ],
              "name": "ingredient2",
              "optional": false,
              "quantity": _Unit {
                "dimension": {
                  "MASS": 1,
                },
                "fixed": false,
                "type": "Unit",
                "unitList": [
                  {
                    "power": 1,
                    "prefix": "k",
                    "unit": {
                      "basePrefix": "k",
                      "dimension": {
                        "MASS": 1,
                      },
                      "formatPrefixes": [
                        "n",
                        "u",
                        "m",
                        "",
                        "k",
                      ],
                      "name": "g",
                      "offset": 0,
                      "prefixGroup": {
                        "E": 1000000000000000000,
                        "G": 1000000000,
                        "M": 1000000,
                        "P": 1000000000000000,
                        "T": 1000000000000,
                        "Y": 1000000000000000000000000,
                        "Z": 1000000000000000000000,
                        "a": 0.000000000000000001,
                        "c": 0.01,
                        "d": 0.1,
                        "da": 10,
                        "f": 0.000000000000001,
                        "h": 100,
                        "k": 1000,
                        "m": 0.001,
                        "n": 0.000000001,
                        "p": 0.000000000001,
                        "u": 0.000001,
                        "y": 0.000000000000000000000001,
                        "z": 0.000000000000000000001,
                      },
                      "quantity": "MASS",
                      "value": 0.001,
                    },
                  },
                ],
                "value": 2,
              },
            },
            " ",
            "and fry in on a pan",
          ],
          "duration": undefined,
        },
        Step {
          "children": [
            "after that take",
            " ",
            Ingredient {
              "category": [],
              "description": undefined,
              "key": "ingredient3",
              "manipulation": [
                "boil",
              ],
              "name": "ingredient 3",
              "optional": false,
              "quantity": undefined,
            },
            " ",
            "and boil it for ",
            Measurement {
              "quantity": _Unit {
                "dimension": {
                  "TIME": 1,
                },
                "fixed": false,
                "type": "Unit",
                "unitList": [
                  {
                    "power": 1,
                    "prefix": "",
                    "unit": {
                      "basePrefix": undefined,
                      "dimension": {
                        "TIME": 1,
                      },
                      "formatPrefixes": undefined,
                      "name": "minutes",
                      "offset": 0,
                      "prefixGroup": {},
                      "value": 60,
                    },
                  },
                ],
                "value": 10,
              },
              "scale": undefined,
            },
          ],
          "duration": _Unit {
            "dimension": {
              "TIME": 1,
            },
            "fixed": false,
            "type": "Unit",
            "unitList": [
              {
                "power": 1,
                "prefix": "",
                "unit": {
                  "basePrefix": undefined,
                  "dimension": {
                    "TIME": 1,
                  },
                  "formatPrefixes": undefined,
                  "name": "minutes",
                  "offset": 0,
                  "prefixGroup": {},
                  "value": 60,
                },
              },
            ],
            "value": 10,
          },
        },
      ],
    },
    Directions {
      "children": [
        Step {
          "children": [
            "step 1",
          ],
          "duration": undefined,
        },
        Step {
          "children": [
            "step 2",
          ],
          "duration": undefined,
        },
        Step {
          "children": [
            "step 3",
          ],
          "duration": undefined,
        },
      ],
    },
  ],
  "description": undefined,
  "meal": [
    "breakfast",
    "lunch",
    "dinner",
  ],
  "name": "test recipe",
  "servings": _Unit {
    "dimension": {},
    "fixed": false,
    "type": "Unit",
    "unitList": [],
    "value": 4,
  },
}
`;

exports[`mediterraneanDelight 1`] = `
Recipe {
  "children": [
    Ingredients {
      "children": [
        Ingredient {
          "category": [
            "fruit",
          ],
          "description": undefined,
          "key": undefined,
          "manipulation": [],
          "name": "dragon fruit",
          "optional": false,
          "quantity": _Unit {
            "dimension": {},
            "fixed": false,
            "type": "Unit",
            "unitList": [],
            "value": 2,
          },
        },
        Ingredient {
          "category": [
            "fruit",
          ],
          "description": undefined,
          "key": undefined,
          "manipulation": [],
          "name": "mango",
          "optional": false,
          "quantity": _Unit {
            "dimension": {},
            "fixed": false,
            "type": "Unit",
            "unitList": [],
            "value": 1,
          },
        },
        Ingredient {
          "category": [
            "fruit",
          ],
          "description": undefined,
          "key": undefined,
          "manipulation": [],
          "name": "kiwi",
          "optional": false,
          "quantity": _Unit {
            "dimension": {},
            "fixed": false,
            "type": "Unit",
            "unitList": [],
            "value": 3,
          },
        },
        Ingredient {
          "category": [
            "fruit",
          ],
          "description": undefined,
          "key": undefined,
          "manipulation": [],
          "name": "pomegranate seeds",
          "optional": false,
          "quantity": _Unit {
            "dimension": {
              "LENGTH": 3,
            },
            "fixed": false,
            "type": "Unit",
            "unitList": [
              {
                "power": 1,
                "prefix": "",
                "unit": {
                  "basePrefix": undefined,
                  "dimension": {
                    "LENGTH": 3,
                  },
                  "formatPrefixes": undefined,
                  "name": "cup",
                  "offset": 0,
                  "prefixGroup": {},
                  "value": 0.0002365882365,
                },
              },
            ],
            "value": 1,
          },
        },
        Ingredient {
          "category": [
            "herb",
          ],
          "description": undefined,
          "key": undefined,
          "manipulation": [],
          "name": "fresh mint leaves",
          "optional": false,
          "quantity": undefined,
        },
        Ingredient {
          "category": [
            "liquid",
          ],
          "description": undefined,
          "key": undefined,
          "manipulation": [],
          "name": "lime juice",
          "optional": false,
          "quantity": _Unit {
            "dimension": {
              "LENGTH": 3,
            },
            "fixed": false,
            "type": "Unit",
            "unitList": [
              {
                "power": 1,
                "prefix": "",
                "unit": {
                  "basePrefix": undefined,
                  "dimension": {
                    "LENGTH": 3,
                  },
                  "formatPrefixes": undefined,
                  "name": "tbsp",
                  "offset": 0,
                  "prefixGroup": {},
                  "value": 0.000014786764781249999,
                },
              },
            ],
            "value": 2,
          },
        },
        Ingredient {
          "category": [
            "sweetener",
          ],
          "description": undefined,
          "key": undefined,
          "manipulation": [],
          "name": "honey",
          "optional": true,
          "quantity": _Unit {
            "dimension": {
              "LENGTH": 3,
            },
            "fixed": false,
            "type": "Unit",
            "unitList": [
              {
                "power": 1,
                "prefix": "",
                "unit": {
                  "basePrefix": undefined,
                  "dimension": {
                    "LENGTH": 3,
                  },
                  "formatPrefixes": undefined,
                  "name": "tbsp",
                  "offset": 0,
                  "prefixGroup": {},
                  "value": 0.000014786764781249999,
                },
              },
            ],
            "value": 1,
          },
        },
      ],
    },
    Preparation {
      "children": [
        Step {
          "children": [
            "Peel and cube the ",
            Ingredient {
              "category": [],
              "description": undefined,
              "key": undefined,
              "manipulation": [],
              "name": "dragon fruit",
              "optional": false,
              "quantity": undefined,
            },
            " and",
            " ",
            Ingredient {
              "category": [],
              "description": undefined,
              "key": undefined,
              "manipulation": [],
              "name": "mango",
              "optional": false,
              "quantity": undefined,
            },
            ". Slice the",
            " ",
            Ingredient {
              "category": [],
              "description": undefined,
              "key": undefined,
              "manipulation": [],
              "name": "kiwi",
              "optional": false,
              "quantity": undefined,
            },
            ".",
          ],
          "duration": undefined,
        },
        Step {
          "children": [
            "In a large bowl, combine the cubed ",
            Ingredient {
              "category": [],
              "description": undefined,
              "key": undefined,
              "manipulation": [],
              "name": "dragon fruit",
              "optional": false,
              "quantity": undefined,
            },
            ",",
            " ",
            Ingredient {
              "category": [],
              "description": undefined,
              "key": undefined,
              "manipulation": [],
              "name": "mango",
              "optional": false,
              "quantity": undefined,
            },
            ", sliced ",
            Ingredient {
              "category": [],
              "description": undefined,
              "key": undefined,
              "manipulation": [],
              "name": "kiwi",
              "optional": false,
              "quantity": undefined,
            },
            ", and",
            " ",
            Ingredient {
              "category": [],
              "description": undefined,
              "key": undefined,
              "manipulation": [],
              "name": "pomegranate seeds",
              "optional": false,
              "quantity": undefined,
            },
            ".",
          ],
          "duration": undefined,
        },
        Step {
          "children": [
            "Gently toss with ",
            Ingredient {
              "category": [],
              "description": undefined,
              "key": undefined,
              "manipulation": [],
              "name": "lime juice",
              "optional": false,
              "quantity": undefined,
            },
            " and",
            " ",
            Ingredient {
              "category": [],
              "description": undefined,
              "key": undefined,
              "manipulation": [],
              "name": "honey",
              "optional": true,
              "quantity": undefined,
            },
            " (if using).",
          ],
          "duration": undefined,
        },
        Step {
          "children": [
            "Let the salad sit for ",
            Measurement {
              "quantity": _Unit {
                "dimension": {
                  "TIME": 1,
                },
                "fixed": false,
                "type": "Unit",
                "unitList": [
                  {
                    "power": 1,
                    "prefix": "",
                    "unit": {
                      "basePrefix": undefined,
                      "dimension": {
                        "TIME": 1,
                      },
                      "formatPrefixes": undefined,
                      "name": "minutes",
                      "offset": 0,
                      "prefixGroup": {},
                      "value": 60,
                    },
                  },
                ],
                "value": 5,
              },
              "scale": undefined,
            },
            " to blend the flavors.",
          ],
          "duration": _Unit {
            "dimension": {
              "TIME": 1,
            },
            "fixed": false,
            "type": "Unit",
            "unitList": [
              {
                "power": 1,
                "prefix": "",
                "unit": {
                  "basePrefix": undefined,
                  "dimension": {
                    "TIME": 1,
                  },
                  "formatPrefixes": undefined,
                  "name": "minutes",
                  "offset": 0,
                  "prefixGroup": {},
                  "value": 60,
                },
              },
            ],
            "value": 5,
          },
        },
        Step {
          "children": [
            "Garnish with",
            " ",
            Ingredient {
              "category": [],
              "description": undefined,
              "key": undefined,
              "manipulation": [],
              "name": "fresh mint leaves",
              "optional": false,
              "quantity": undefined,
            },
            " ",
            "before serving.",
          ],
          "duration": undefined,
        },
      ],
    },
    Directions {
      "children": [
        Step {
          "children": [
            "Prepare and combine fruits",
          ],
          "duration": undefined,
        },
        Step {
          "children": [
            "Toss with dressing",
          ],
          "duration": undefined,
        },
        Step {
          "children": [
            "Let sit and blend flavors",
          ],
          "duration": undefined,
        },
        Step {
          "children": [
            "Garnish and serve",
          ],
          "duration": undefined,
        },
      ],
    },
  ],
  "description": undefined,
  "meal": [
    "dessert",
  ],
  "name": "Exotic Fruit Salad",
  "servings": _Unit {
    "dimension": {},
    "fixed": false,
    "type": "Unit",
    "unitList": [],
    "value": 6,
  },
}
`;
